---
source: tests/integration_test.rs
expression: header
---
Content-Length: 1005

